Simulating core=pspike setname=pspikes frames=1
Consider executing:
    git config --global url.ssh://git@github.com/.insteadOf https://github.com/

in order to avoid the need for GitHub tokens when pushing submodules
find: 'scenes/../powerspikes/scenes/m06000': No such file or directory
find: 'scenes/../powerspikes/scenes/m06000': No such file or directory
/jtcores/cores/pspike/ver/game/./rest2bin.sh
Power Spikes (World).mra
Moving old sdram_bank files to sdram.old
ROM load through SPI enabled
=========== JTSIM pspike pspikes (sidi128) ===========
Using OPT_FAST=-O1 -march=native OPT_SLOW=-O1 -march=native OPT_GLOBAL=-O1 -march=native
%Warning-WIDTHEXPAND: ../../hdl/jtpspike_scr.v:151:6: Output port connection 'rom_addr' expects 18 bits on the pin connection, but pin connection's VARREF 'tile_addr' generates 17 bits.
                                                    : ... note: In instance 'game_test.u_game.u_game.u_video.u_scr1'
  151 |     .rom_addr   ( tile_addr ),
      |      ^~~~~~~~
                      ... For warning description see https://verilator.org/warn/WIDTHEXPAND?v=5.044
                      ... Use "/* verilator lint_off WIDTHEXPAND */" and lint_on around source to disable this message.
%Warning-WIDTHEXPAND: /jtcores/modules/jtframe/hdl/inc/../../../../modules/jt12/hdl/jt10.v:74:6: Output port connection 'adpcma_bank' expects 5 bits on the pin connection, but pin connection's VARREF 'adpcma_bank' generates 4 bits.
                                                                                               : ... note: In instance 'game_test.u_game.u_game.u_snd.u_jt10'
   74 |     .adpcma_bank    ( adpcma_bank  ),
      |      ^~~~~~~~~~~
%Warning-WIDTHEXPAND: ../../hdl/jtpspike_game.v:82:36: Operator ASSIGNDLY expects 12 bits on the Assign RHS, but Assign RHS's VARREF 'mix_addr' generates 11 bits.
                                                     : ... note: In instance 'game_test.u_game.u_game'
   82 |     if( mix_addr>mix_max ) mix_max <= mix_addr;
      |                                    ^~
%Warning-WIDTHEXPAND: ../../hdl/jtpspike_game.v:82:17: Operator GT expects 12 bits on the LHS, but LHS's VARREF 'mix_addr' generates 11 bits.
                                                     : ... note: In instance 'game_test.u_game.u_game'
   82 |     if( mix_addr>mix_max ) mix_max <= mix_addr;
      |                 ^
%Warning-UNDRIVEN: ../../hdl/jtpspike_main.v:51:40: Signal is not driven: 'scrx0'
                                                  : ... note: In instance 'game_test.u_game.u_game.u_main'
   51 |     output reg    [ 8:0] scrx1, scry1, scrx0,
      |                                        ^~~~~
                   ... For warning description see https://verilator.org/warn/UNDRIVEN?v=5.044
                   ... Use "/* verilator lint_off UNDRIVEN */" and lint_on around source to disable this message.
Verilator sim starts
Read 9699336 bytes from rom.bin
Simulation clock period set to 8928 ps (112.007 MHz)
Verilator will dump to test.vcd
DIP sw set to FFBF
SDRAM burst mode changed to 1 CAS=2 type=sequential write=burst
SDRAM burst mode changed to 2 CAS=2 type=sequential write=single

ROM file transfered (frame 0)
	sdram_bank0.bin dumped
	sdram_bank1.bin dumped
	sdram_bank2.bin dumped
	sdram_bank3.bin dumped
[31m0[0mTOP.game_test.u_game.u_game.u_main scene regs (pspikes): palbank=00 gfxbank=00 scrolly=000
WARNING: Using Verilog version of T80 for simulation.
-vram.bin     (4096 bytes) TOP.game_test.u_game.u_bram_vram.u_lo.u_ram
	the memory was not filled by the file data
-vram.bin     (4096 bytes) TOP.game_test.u_game.u_bram_vram.u_hi.u_ram
	the memory was not filled by the file data
-vram1.bin    (   0 bytes) TOP.game_test.u_game.u_bram_vram1.u_lo.u_ram
-vram1.bin    (   0 bytes) TOP.game_test.u_game.u_bram_vram1.u_hi.u_ram
-rascr.bin    (4096 bytes) TOP.game_test.u_game.u_bram_rascr.u_lo.u_ram
-rascr.bin    (4096 bytes) TOP.game_test.u_game.u_bram_rascr.u_hi.u_ram
-oram.bin     (1024 bytes) TOP.game_test.u_game.u_bram_oram.u_lo.u_ram
	the memory was not filled by the file data
-oram.bin     (1024 bytes) TOP.game_test.u_game.u_bram_oram.u_hi.u_ram
	the memory was not filled by the file data
-oram1.bin    (1024 bytes) TOP.game_test.u_game.u_bram_oram1.u_lo.u_ram
	the memory was not filled by the file data
-oram1.bin    (1024 bytes) TOP.game_test.u_game.u_bram_oram1.u_hi.u_ram
	the memory was not filled by the file data
-lut.bin      (16384 bytes) TOP.game_test.u_game.u_bram_lut.u_lo.u_ram
	the memory was not filled by the file data
-lut.bin      (16384 bytes) TOP.game_test.u_game.u_bram_lut.u_hi.u_ram
	the memory was not filled by the file data
-lut1.bin     (   0 bytes) TOP.game_test.u_game.u_bram_lut1.u_lo.u_ram
-lut1.bin     (   0 bytes) TOP.game_test.u_game.u_bram_lut1.u_hi.u_ram
-pal.bin      (4096 bytes) TOP.game_test.u_game.u_bram_pal.u_lo.u_ram
-pal.bin      (4096 bytes) TOP.game_test.u_game.u_bram_pal.u_hi.u_ram
jtframe_pxlcen: using 8 as clock divider
GGA: 352x240 visible, 456x256 total, HS 400-424, VS 244-248
TOP.game_test.u_game.u_game.u_video.u_obj.u_scan objscan: 0 of 262 lines truncated, peak 15 draws/line
TOP.game_test.u_game.u_game.u_video.u_obj1.u_scan objscan: 0 of 262 lines truncated, peak 0 draws/line
writes pal=0 vram0=0 vram1=0 oram=0 gga=0
render pxl=9926101 idx_nz=224685 pal_nz=9903035 rgb_nz=78447 | pal writes nonzero=0 maxwaddr=0 | mix_addr max=43e
SND cmd=0 z80rom=365102 fmwr=1728 pcma=1 pcmb=708 bankmax=0
[31m1[0m[31m2[0m[31m3[0m
Frame rate: 59.97 Hz

TOP.game_test.u_game.u_game.u_main scene regs (pspikes): palbank=00 gfxbank=00 scrolly=000
WARNING: Using Verilog version of T80 for simulation.
-vram.bin     (4096 bytes) TOP.game_test.u_game.u_bram_vram.u_lo.u_ram
	the memory was not filled by the file data
-vram.bin     (4096 bytes) TOP.game_test.u_game.u_bram_vram.u_hi.u_ram
	the memory was not filled by the file data
-vram1.bin    (   0 bytes) TOP.game_test.u_game.u_bram_vram1.u_lo.u_ram
-vram1.bin    (   0 bytes) TOP.game_test.u_game.u_bram_vram1.u_hi.u_ram
-rascr.bin    (4096 bytes) TOP.game_test.u_game.u_bram_rascr.u_lo.u_ram
-rascr.bin    (4096 bytes) TOP.game_test.u_game.u_bram_rascr.u_hi.u_ram
-oram.bin     (1024 bytes) TOP.game_test.u_game.u_bram_oram.u_lo.u_ram
	the memory was not filled by the file data
-oram.bin     (1024 bytes) TOP.game_test.u_game.u_bram_oram.u_hi.u_ram
	the memory was not filled by the file data
-oram1.bin    (1024 bytes) TOP.game_test.u_game.u_bram_oram1.u_lo.u_ram
	the memory was not filled by the file data
-oram1.bin    (1024 bytes) TOP.game_test.u_game.u_bram_oram1.u_hi.u_ram
	the memory was not filled by the file data
-lut.bin      (16384 bytes) TOP.game_test.u_game.u_bram_lut.u_lo.u_ram
	the memory was not filled by the file data
-lut.bin      (16384 bytes) TOP.game_test.u_game.u_bram_lut.u_hi.u_ram
	the memory was not filled by the file data
-lut1.bin     (   0 bytes) TOP.game_test.u_game.u_bram_lut1.u_lo.u_ram
-lut1.bin     (   0 bytes) TOP.game_test.u_game.u_bram_lut1.u_hi.u_ram
-pal.bin      (4096 bytes) TOP.game_test.u_game.u_bram_pal.u_lo.u_ram
-pal.bin      (4096 bytes) TOP.game_test.u_game.u_bram_pal.u_hi.u_ram
jtframe_pxlcen: using 8 as clock divider
GGA: 352x240 visible, 456x256 total, HS 400-424, VS 244-248
TOP.game_test.u_game.u_game.u_video.u_obj.u_scan objscan: 0 of 262 lines truncated, peak 15 draws/line
TOP.game_test.u_game.u_game.u_video.u_obj1.u_scan objscan: 0 of 262 lines truncated, peak 0 draws/line
writes pal=0 vram0=0 vram1=0 oram=0 gga=0
render pxl=9926101 idx_nz=224685 pal_nz=9903035 rgb_nz=78447 | pal writes nonzero=0 maxwaddr=0 | mix_addr max=43e
SND cmd=0 z80rom=365102 fmwr=1728 pcma=1 pcmb=708 bankmax=0
TOP.game_test.u_game.u_game.u_video.u_obj.u_scan objscan: 0 of 262 lines truncated, peak 15 draws/line
TOP.game_test.u_game.u_game.u_video.u_obj1.u_scan objscan: 0 of 262 lines truncated, peak 0 draws/line
writes pal=0 vram0=0 vram1=0 oram=0 gga=0
render pxl=116736 idx_nz=116042 pal_nz=101512 rgb_nz=78447 | pal writes nonzero=0 maxwaddr=0 | mix_addr max=43e
TOP.game_test.u_game.u_game.u_video.u_obj.u_scan objscan: 0 of 262 lines truncated, peak 15 draws/line
TOP.game_test.u_game.u_game.u_video.u_obj1.u_scan objscan: 0 of 262 lines truncated, peak 0 draws/line
writes pal=0 vram0=0 vram1=0 oram=0 gga=0
render pxl=116736 idx_nz=116042 pal_nz=101512 rgb_nz=78447 | pal writes nonzero=0 maxwaddr=0 | mix_addr max=43e
[0m

Bypassing sound.raw conversion to wav file as raw2wav was not found
====== JTSIM finished in 17'19" ======

Done. Frames: cores/pspike/ver/game/frames/
