Simulating core=f1grpr setname=f1gp frames=1
Consider executing:
    git config --global url.ssh://git@github.com/.insteadOf https://github.com/

in order to avoid the need for GitHub tokens when pushing submodules
2026/08/31 20:33:29 	Warning DIP option too long for MiSTer (7 extra): (f1gp)
	Multi Player Mode:Multi Player Off
2026/08/31 20:33:29 	Warning DIP option too long for MiSTer (7 extra): (f1gp)
	Multi Player Mode:Multi Player Off
2026/08/31 20:33:29 	Warning DIP option too long for MiSTer (5 extra): (f1gp)
	Coinage:2 to Start 1 to Continue
2026/08/31 20:33:29 	Warning DIP option too long for MiSTer (7 extra): (f1gpa)
	Multi Player Mode:Multi Player Off
2026/08/31 20:33:29 	Warning DIP option too long for MiSTer (7 extra): (f1gpa)
	Multi Player Mode:Multi Player Off
2026/08/31 20:33:29 	Warning DIP option too long for MiSTer (5 extra): (f1gpa)
	Coinage:2 to Start 1 to Continue
F-1 Grand Prix (set 1).mra
Moving old sdram_bank files to sdram.old
ROM load through SPI enabled
/jtcores/cores/f1grpr/ver/game/./rest2bin.sh
=========== JTSIM f1grpr f1gp (sidi128) ===========
Using OPT_FAST=-O1 -march=native OPT_SLOW=-O1 -march=native OPT_GLOBAL=-O1 -march=native
Verilator sim starts
Read 11272200 bytes from rom.bin
Simulation clock period set to 17460 ps (57.274 MHz)
Verilator will dump to test.vcd
DIP sw set to F0FBFFFF
SDRAM burst mode changed to 1 CAS=2 type=sequential write=burst
SDRAM burst mode changed to 2 CAS=2 type=sequential write=single

ROM file transfered (frame 0)
	sdram_bank0.bin dumped
	sdram_bank1.bin dumped
	sdram_bank2.bin dumped
	sdram_bank3.bin dumped
[31m0[0m[31m1[0mWARNING: Using Verilog version of T80 for simulation.
MMR TOP.game_test.u_game.u_game.u_video.u_roz.u_xy - read 32 bytes
GGA TOP.game_test.u_game.u_game.u_video.u_gga - restored 16 registers from gga.bin
TOP.game_test.u_game.u_game.u_main scene regs: gfxctrl=00 scrx=000 scry=0f8
-oram1.bin    (1024 bytes) TOP.game_test.u_game.u_bram_oram1.u_hi.u_ram
-oram1.bin    (1024 bytes) TOP.game_test.u_game.u_bram_oram1.u_lo.u_ram
-oram0.bin    (1024 bytes) TOP.game_test.u_game.u_bram_oram0.u_hi.u_ram
-oram0.bin    (1024 bytes) TOP.game_test.u_game.u_bram_oram0.u_lo.u_ram
-lut1.bin     (16384 bytes) TOP.game_test.u_game.u_bram_lut1.u_hi.u_ram
-lut1.bin     (16384 bytes) TOP.game_test.u_game.u_bram_lut1.u_lo.u_ram
-lut0.bin     (16384 bytes) TOP.game_test.u_game.u_bram_lut0.u_hi.u_ram
-lut0.bin     (16384 bytes) TOP.game_test.u_game.u_bram_lut0.u_lo.u_ram
-rozvram.bin  (8192 bytes) TOP.game_test.u_game.u_bram_rozvram.u_hi.u_ram
-rozvram.bin  (8192 bytes) TOP.game_test.u_game.u_bram_rozvram.u_lo.u_ram
-rozgfx.bin   (262144 bytes) TOP.game_test.u_game.u_bram_rozgfx.u_hi.u_ram
-rozgfx.bin   (262144 bytes) TOP.game_test.u_game.u_bram_rozgfx.u_lo.u_ram
-pal.bin      (4096 bytes) TOP.game_test.u_game.u_bram_pal.u_hi.u_ram
-pal.bin      (4096 bytes) TOP.game_test.u_game.u_bram_pal.u_lo.u_ram
-fgvram.bin   (4096 bytes) TOP.game_test.u_game.u_bram_fgvram.u_hi.u_ram
-fgvram.bin   (4096 bytes) TOP.game_test.u_game.u_bram_fgvram.u_lo.u_ram
jtframe_pxlcen: using 4 as clock divider
[31m2[0m[31m3[0m
Frame rate: 61.33 Hz

WARNING: Using Verilog version of T80 for simulation.
MMR TOP.game_test.u_game.u_game.u_video.u_roz.u_xy - read 32 bytes
GGA TOP.game_test.u_game.u_game.u_video.u_gga - restored 16 registers from gga.bin
TOP.game_test.u_game.u_game.u_main scene regs: gfxctrl=00 scrx=000 scry=0f8
-oram1.bin    (1024 bytes) TOP.game_test.u_game.u_bram_oram1.u_hi.u_ram
-oram1.bin    (1024 bytes) TOP.game_test.u_game.u_bram_oram1.u_lo.u_ram
-oram0.bin    (1024 bytes) TOP.game_test.u_game.u_bram_oram0.u_hi.u_ram
-oram0.bin    (1024 bytes) TOP.game_test.u_game.u_bram_oram0.u_lo.u_ram
-lut1.bin     (16384 bytes) TOP.game_test.u_game.u_bram_lut1.u_hi.u_ram
-lut1.bin     (16384 bytes) TOP.game_test.u_game.u_bram_lut1.u_lo.u_ram
-lut0.bin     (16384 bytes) TOP.game_test.u_game.u_bram_lut0.u_hi.u_ram
-lut0.bin     (16384 bytes) TOP.game_test.u_game.u_bram_lut0.u_lo.u_ram
-rozvram.bin  (8192 bytes) TOP.game_test.u_game.u_bram_rozvram.u_hi.u_ram
-rozvram.bin  (8192 bytes) TOP.game_test.u_game.u_bram_rozvram.u_lo.u_ram
-rozgfx.bin   (262144 bytes) TOP.game_test.u_game.u_bram_rozgfx.u_hi.u_ram
-rozgfx.bin   (262144 bytes) TOP.game_test.u_game.u_bram_rozgfx.u_lo.u_ram
-pal.bin      (4096 bytes) TOP.game_test.u_game.u_bram_pal.u_hi.u_ram
-pal.bin      (4096 bytes) TOP.game_test.u_game.u_bram_pal.u_lo.u_ram
-fgvram.bin   (4096 bytes) TOP.game_test.u_game.u_bram_fgvram.u_hi.u_ram
-fgvram.bin   (4096 bytes) TOP.game_test.u_game.u_bram_fgvram.u_lo.u_ram
jtframe_pxlcen: using 4 as clock divider
[0m

Bypassing sound.raw conversion to wav file as raw2wav was not found
====== JTSIM finished in 3'48" ======

Done. Frames: cores/f1grpr/ver/game/frames/
