/* SPDX-FileCopyrightText: 2026 Jose Tejada Gomez
 * SPDX-License-Identifier: GPL-3.0-or-later
 * Date: 29-3-2025 */

module jtxx_header(
    input            clk,
                     header, prog_we,
    
    output reg       gfx=0,
    output reg [2:0] snd=0,
    output reg [8:0] long=0,
    input      [2:0] prog_addr,
    input      [7:0] prog_data
);

always @(posedge clk) begin
    if( header && prog_addr[2:0]==1 && prog_we )
        gfx <= prog_data[2];
    if( header && prog_addr[2:0]==3 && prog_we )
        snd <= prog_data[4:2];
    if( header && prog_addr[2:0]==5 && prog_we )
        long[8:7] <= prog_data[1:0];
    if( header && prog_addr[2:0]==4 && prog_we )
        long[6:0] <= prog_data[7:1];
end

endmodule
