Simulating core=nnjema setname=ninjemak frames=1
Consider executing:
    git config --global url.ssh://git@github.com/.insteadOf https://github.com/

in order to avoid the need for GitHub tokens when pushing submodules
2026/09/10 21:13:11 	Warning DIP option too long for MiSTer (8 extra): (dangara)
	Complete Invulnerability (Cheat):On
2026/09/10 21:13:11 	Warning DIP option too long for MiSTer (9 extra): (dangara)
	Complete Invulnerability (Cheat):Off
2026/09/10 21:13:11 	Warning DIP option too long for MiSTer (9 extra): (dangara)
	Base Ship Invulnerability (Cheat):On
2026/09/10 21:13:11 	Warning DIP option too long for MiSTer (10 extra): (dangara)
	Base Ship Invulnerability (Cheat):Off
2026/09/10 21:13:12 	Warning DIP option too long for MiSTer (5 extra): (galivan)
	Power Invulnerability (Cheat):On
2026/09/10 21:13:12 	Warning DIP option too long for MiSTer (6 extra): (galivan)
	Power Invulnerability (Cheat):Off
2026/09/10 21:13:12 	Warning DIP option too long for MiSTer (4 extra): (galivan)
	Life Invulnerability (Cheat):On
2026/09/10 21:13:12 	Warning DIP option too long for MiSTer (5 extra): (galivan)
	Life Invulnerability (Cheat):Off
2026/09/10 21:13:12 	Warning DIP option too long for MiSTer (5 extra): (galivan2)
	Power Invulnerability (Cheat):On
2026/09/10 21:13:12 	Warning DIP option too long for MiSTer (6 extra): (galivan2)
	Power Invulnerability (Cheat):Off
2026/09/10 21:13:12 	Warning DIP option too long for MiSTer (4 extra): (galivan2)
	Life Invulnerability (Cheat):On
2026/09/10 21:13:12 	Warning DIP option too long for MiSTer (5 extra): (galivan2)
	Life Invulnerability (Cheat):Off
2026/09/10 21:13:12 	Warning DIP option too long for MiSTer (5 extra): (galivan3)
	Power Invulnerability (Cheat):On
2026/09/10 21:13:12 	Warning DIP option too long for MiSTer (6 extra): (galivan3)
	Power Invulnerability (Cheat):Off
2026/09/10 21:13:12 	Warning DIP option too long for MiSTer (4 extra): (galivan3)
	Life Invulnerability (Cheat):On
2026/09/10 21:13:12 	Warning DIP option too long for MiSTer (5 extra): (galivan3)
	Life Invulnerability (Cheat):Off
Ninja Emaki (US).mra
Moving old sdram_bank files to sdram.old
ROM load through SPI enabled
find: 'scenes/../ninjemak/scenes/burst_00300': No such file or directory
find: 'scenes/../ninjemak/scenes/burst_00300': No such file or directory
=========== JTSIM nnjema ninjemak (sidi128) ===========
Using OPT_FAST=-O1 -march=native OPT_SLOW=-O1 -march=native OPT_GLOBAL=-O1 -march=native
Verilator sim starts
Read 492808 bytes from rom.bin
Simulation clock period set to 20832 ps (48.003 MHz)
Verilator will dump to test.vcd
DIP sw set to FF7CFF
SDRAM burst mode changed to 1 CAS=2 type=sequential write=burst
SDRAM burst mode changed to 2 CAS=2 type=sequential write=single
[31m0[0m[31m1[0m-oram.bin     ( 512 bytes) TOP.game_test.u_game.u_bram_oram.u_ram
-vattr.bin    (1024 bytes) TOP.game_test.u_game.u_bram_vattr.u_ram
-vcode.bin    (1024 bytes) TOP.game_test.u_game.u_bram_vcode.u_ram
jtframe_pxlcen: using 4 as clock divider
[31m2[0m[31m3[0m[31m4[0m[31m5[0m[31m6[0m[31m7[0m[31m8[0m[31m9[0m
ROM file transfered (frame 10)
	sdram_bank0.bin dumped
	sdram_bank1.bin dumped
	sdram_bank2.bin dumped
	sdram_bank3.bin dumped
[31mA[0m-oram.bin     ( 512 bytes) TOP.game_test.u_game.u_bram_oram.u_ram
-vattr.bin    (1024 bytes) TOP.game_test.u_game.u_bram_vattr.u_ram
-vcode.bin    (1024 bytes) TOP.game_test.u_game.u_bram_vcode.u_ram
jtframe_pxlcen: using 4 as clock divider
[31mB[0m-oram.bin     ( 512 bytes) TOP.game_test.u_game.u_bram_oram.u_ram
-vattr.bin    (1024 bytes) TOP.game_test.u_game.u_bram_vattr.u_ram
-vcode.bin    (1024 bytes) TOP.game_test.u_game.u_bram_vcode.u_ram
jtframe_pxlcen: using 4 as clock divider
[31mC[0m[31mD[0m
Frame rate: 59.41 Hz

-oram.bin     ( 512 bytes) TOP.game_test.u_game.u_bram_oram.u_ram
-vattr.bin    (1024 bytes) TOP.game_test.u_game.u_bram_vattr.u_ram
-vcode.bin    (1024 bytes) TOP.game_test.u_game.u_bram_vcode.u_ram
jtframe_pxlcen: using 4 as clock divider
[0m

Bypassing sound.raw conversion to wav file as raw2wav was not found
====== JTSIM finished in 0'8" ======

Encoding /Users/andreabogazzi/develop/jtpublicfork/cores/nnjema/ver/game/nnjema_sim.mp4 (with gap-filling to 60 Hz) ...
[libx264 @ 0x15a8082f0] Weighted P-Frames: Y:0.0% UV:0.0%
[libx264 @ 0x15a8082f0] kb/s:1878.08
[aac @ 0x159609980] Qavg: 65536.000
MP4 (with audio): /Users/andreabogazzi/develop/jtpublicfork/cores/nnjema/ver/game/nnjema_sim.mp4

Done. Frames: cores/nnjema/ver/game/frames/
